19:38:54 **** Clean-only build of configuration Debug for project Stm32f4xx_Drivers ****
make -j8 clean 
rm -rf ./Startup/startup_stm32f407vgtx.d ./Startup/startup_stm32f407vgtx.o
rm -rf ./Src/10_I2C_master_tx\ testing.cyclo ./Src/10_I2C_master_tx\ testing.d ./Src/10_I2C_master_tx\ testing.o ./Src/10_I2C_master_tx\ testing.su ./Src/syscalls.cyclo ./Src/syscalls.d ./Src/syscalls.o ./Src/syscalls.su ./Src/sysmem.cyclo ./Src/sysmem.d ./Src/sysmem.o ./Src/sysmem.su
rm -rf ./Drivers/Src/stm32f407xx_gpio_drive.cyclo ./Drivers/Src/stm32f407xx_gpio_drive.d ./Drivers/Src/stm32f407xx_gpio_drive.o ./Drivers/Src/stm32f407xx_gpio_drive.su ./Drivers/Src/stm32f407xx_i2c_driver.cyclo ./Drivers/Src/stm32f407xx_i2c_driver.d ./Drivers/Src/stm32f407xx_i2c_driver.o ./Drivers/Src/stm32f407xx_i2c_driver.su ./Drivers/Src/stm32f407xx_rcc_driver.cyclo ./Drivers/Src/stm32f407xx_rcc_driver.d ./Drivers/Src/stm32f407xx_rcc_driver.o ./Drivers/Src/stm32f407xx_rcc_driver.su ./Drivers/Src/stm32f407xx_spi_driver.cyclo ./Drivers/Src/stm32f407xx_spi_driver.d ./Drivers/Src/stm32f407xx_spi_driver.o ./Drivers/Src/stm32f407xx_spi_driver.su ./Drivers/Src/stm32f407xx_usart_driver.cyclo ./Drivers/Src/stm32f407xx_usart_driver.d ./Drivers/Src/stm32f407xx_usart_driver.o ./Drivers/Src/stm32f407xx_usart_driver.su
rm -rf Stm32f4xx_Drivers.elf Stm32f4xx_Drivers.list Stm32f4xx_Drivers.map default.size.stdout
 
19:38:56 **** Build of configuration Debug for project Stm32f4xx_Drivers ****
make -j8 all 
arm-none-eabi-gcc -mcpu=cortex-m4 -g3 -DDEBUG -c -x assembler-with-cpp -MMD -MP -MF"Startup/startup_stm32f407vgtx.d" -MT"Startup/startup_stm32f407vgtx.o" --specs=nano.specs -mfloat-abi=soft -mthumb -o "Startup/startup_stm32f407vgtx.o" "../Startup/startup_stm32f407vgtx.s"
arm-none-eabi-gcc "../Src/10_I2C_master_tx testing.c" -mcpu=cortex-m4 -std=gnu11 -g3 -DDEBUG -DSTM32 -DSTM32F407G_DISC1 -DSTM32F4 -DSTM32F407VGTx -c -I../Inc -I"C:/Users/vanap/OneDrive/Documents/Embedded C/ST_MCU1/Stm32f4xx_Drivers/Drivers/Inc" -O0 -ffunction-sections -fdata-sections -Wall -fstack-usage -fcyclomatic-complexity -MMD -MP -MF"Src/10_I2C_master_tx testing.d" -MT"Src/10_I2C_master_tx testing.o" --specs=nano.specs -mfloat-abi=soft -mthumb -o "Src/10_I2C_master_tx testing.o"
arm-none-eabi-gcc "../Src/syscalls.c" -mcpu=cortex-m4 -std=gnu11 -g3 -DDEBUG -DSTM32 -DSTM32F407G_DISC1 -DSTM32F4 -DSTM32F407VGTx -c -I../Inc -I"C:/Users/vanap/OneDrive/Documents/Embedded C/ST_MCU1/Stm32f4xx_Drivers/Drivers/Inc" -O0 -ffunction-sections -fdata-sections -Wall -fstack-usage -fcyclomatic-complexity -MMD -MP -MF"Src/syscalls.d" -MT"Src/syscalls.o" --specs=nano.specs -mfloat-abi=soft -mthumb -o "Src/syscalls.o"
arm-none-eabi-gcc "../Src/sysmem.c" -mcpu=cortex-m4 -std=gnu11 -g3 -DDEBUG -DSTM32 -DSTM32F407G_DISC1 -DSTM32F4 -DSTM32F407VGTx -c -I../Inc -I"C:/Users/vanap/OneDrive/Documents/Embedded C/ST_MCU1/Stm32f4xx_Drivers/Drivers/Inc" -O0 -ffunction-sections -fdata-sections -Wall -fstack-usage -fcyclomatic-complexity -MMD -MP -MF"Src/sysmem.d" -MT"Src/sysmem.o" --specs=nano.specs -mfloat-abi=soft -mthumb -o "Src/sysmem.o"
arm-none-eabi-gcc "../Drivers/Src/stm32f407xx_gpio_drive.c" -mcpu=cortex-m4 -std=gnu11 -g3 -DDEBUG -DSTM32 -DSTM32F407G_DISC1 -DSTM32F4 -DSTM32F407VGTx -c -I../Inc -I"C:/Users/vanap/OneDrive/Documents/Embedded C/ST_MCU1/Stm32f4xx_Drivers/Drivers/Inc" -O0 -ffunction-sections -fdata-sections -Wall -fstack-usage -fcyclomatic-complexity -MMD -MP -MF"Drivers/Src/stm32f407xx_gpio_drive.d" -MT"Drivers/Src/stm32f407xx_gpio_drive.o" --specs=nano.specs -mfloat-abi=soft -mthumb -o "Drivers/Src/stm32f407xx_gpio_drive.o"
arm-none-eabi-gcc "../Drivers/Src/stm32f407xx_i2c_driver.c" -mcpu=cortex-m4 -std=gnu11 -g3 -DDEBUG -DSTM32 -DSTM32F407G_DISC1 -DSTM32F4 -DSTM32F407VGTx -c -I../Inc -I"C:/Users/vanap/OneDrive/Documents/Embedded C/ST_MCU1/Stm32f4xx_Drivers/Drivers/Inc" -O0 -ffunction-sections -fdata-sections -Wall -fstack-usage -fcyclomatic-complexity -MMD -MP -MF"Drivers/Src/stm32f407xx_i2c_driver.d" -MT"Drivers/Src/stm32f407xx_i2c_driver.o" --specs=nano.specs -mfloat-abi=soft -mthumb -o "Drivers/Src/stm32f407xx_i2c_driver.o"
arm-none-eabi-gcc "../Drivers/Src/stm32f407xx_rcc_driver.c" -mcpu=cortex-m4 -std=gnu11 -g3 -DDEBUG -DSTM32 -DSTM32F407G_DISC1 -DSTM32F4 -DSTM32F407VGTx -c -I../Inc -I"C:/Users/vanap/OneDrive/Documents/Embedded C/ST_MCU1/Stm32f4xx_Drivers/Drivers/Inc" -O0 -ffunction-sections -fdata-sections -Wall -fstack-usage -fcyclomatic-complexity -MMD -MP -MF"Drivers/Src/stm32f407xx_rcc_driver.d" -MT"Drivers/Src/stm32f407xx_rcc_driver.o" --specs=nano.specs -mfloat-abi=soft -mthumb -o "Drivers/Src/stm32f407xx_rcc_driver.o"
arm-none-eabi-gcc "../Drivers/Src/stm32f407xx_spi_driver.c" -mcpu=cortex-m4 -std=gnu11 -g3 -DDEBUG -DSTM32 -DSTM32F407G_DISC1 -DSTM32F4 -DSTM32F407VGTx -c -I../Inc -I"C:/Users/vanap/OneDrive/Documents/Embedded C/ST_MCU1/Stm32f4xx_Drivers/Drivers/Inc" -O0 -ffunction-sections -fdata-sections -Wall -fstack-usage -fcyclomatic-complexity -MMD -MP -MF"Drivers/Src/stm32f407xx_spi_driver.d" -MT"Drivers/Src/stm32f407xx_spi_driver.o" --specs=nano.specs -mfloat-abi=soft -mthumb -o "Drivers/Src/stm32f407xx_spi_driver.o"
arm-none-eabi-gcc "../Drivers/Src/stm32f407xx_usart_driver.c" -mcpu=cortex-m4 -std=gnu11 -g3 -DDEBUG -DSTM32 -DSTM32F407G_DISC1 -DSTM32F4 -DSTM32F407VGTx -c -I../Inc -I"C:/Users/vanap/OneDrive/Documents/Embedded C/ST_MCU1/Stm32f4xx_Drivers/Drivers/Inc" -O0 -ffunction-sections -fdata-sections -Wall -fstack-usage -fcyclomatic-complexity -MMD -MP -MF"Drivers/Src/stm32f407xx_usart_driver.d" -MT"Drivers/Src/stm32f407xx_usart_driver.o" --specs=nano.specs -mfloat-abi=soft -mthumb -o "Drivers/Src/stm32f407xx_usart_driver.o"
arm-none-eabi-gcc -o "Stm32f4xx_Drivers.elf" @"objects.list"   -mcpu=cortex-m4 -T"C:\Users\vanap\OneDrive\Documents\Embedded C\ST_MCU1\Stm32f4xx_Drivers\STM32F407VGTX_FLASH.ld" --specs=nosys.specs -Wl,-Map="Stm32f4xx_Drivers.map" -Wl,--gc-sections -static --specs=nano.specs -mfloat-abi=soft -mthumb -Wl,--start-group -lc -lm -Wl,--end-group
Finished building target: Stm32f4xx_Drivers.elf
 
arm-none-eabi-size  Stm32f4xx_Drivers.elf 
arm-none-eabi-objdump -h -S Stm32f4xx_Drivers.elf  > "Stm32f4xx_Drivers.list"
   text	   data	    bss	    dec	    hex	filename
   3648	     56	   1608	   5312	   14c0	Stm32f4xx_Drivers.elf
Finished building: default.size.stdout
 
Finished building: Stm32f4xx_Drivers.list
 
